2026-05-07 11:13:39 Loaded main app package /usr/lib/obsidian/obsidian.asar
2026-05-07 11:13:39 Checking for update using Github
2026-05-07 11:13:39 Success.
2026-05-07 11:13:39 Latest version is 1.12.7
2026-05-07 11:13:39 App is up to date.
2026-05-07 11:14:23 Loaded main app package /usr/lib/obsidian/obsidian.asar
2026-05-07 11:23:22 Loaded main app package /usr/lib/obsidian/obsidian.asar
2026-05-07 15:10:16 Checking for update using Github
2026-05-25 10:49:05 Loaded main app package /usr/lib/obsidian/obsidian.asar
2026-05-25 10:49:05 Checking for update using Github
2026-05-25 10:49:06 Success.
2026-05-25 10:49:06 Latest version is 1.12.7
2026-05-25 10:49:06 App is up to date.
2026-05-25 11:49:05 Checking for update using Github
2026-05-25 11:49:05 Success.
2026-05-25 11:49:05 Latest version is 1.12.7
2026-05-25 11:49:05 App is up to date.
2026-05-26 09:53:51 Loaded main app package /usr/lib/obsidian/obsidian.asar
2026-05-26 09:53:51 Checking for update using Github
2026-05-26 09:53:51 Failed to check for update using Github (net::ERR_INTERNET_DISCONNECTED)
2026-05-26 09:53:51 Checking for update using obsidian.md
2026-05-26 09:53:51 Failed to check for update using obsidian.md (net::ERR_INTERNET_DISCONNECTED)
2026-05-26 12:32:51 Loaded main app package /usr/lib/obsidian/obsidian.asar
2026-05-26 12:32:51 Checking for update using Github
2026-05-26 12:32:52 Failed to check for update using Github (net::ERR_INTERNET_DISCONNECTED)
2026-05-26 12:32:52 Checking for update using obsidian.md
2026-05-26 12:32:52 Failed to check for update using obsidian.md (net::ERR_INTERNET_DISCONNECTED)
2026-05-26 13:04:02 Loaded main app package /usr/lib/obsidian/obsidian.asar
2026-05-26 13:04:53 Loaded main app package /usr/lib/obsidian/obsidian.asar
2026-05-26 13:05:26 Loaded main app package /usr/lib/obsidian/obsidian.asar
2026-05-26 13:05:38 Loaded main app package /usr/lib/obsidian/obsidian.asar
2026-05-26 15:51:04 Checking for update using Github
2026-05-26 15:51:04 Success.
2026-05-26 15:51:04 Latest version is 1.12.7
2026-05-26 15:51:04 App is up to date.
2026-05-27 08:06:15 Loaded main app package /usr/lib/obsidian/obsidian.asar
2026-05-27 08:06:16 Checking for update using Github
2026-05-27 08:06:16 Failed to check for update using Github (net::ERR_INTERNET_DISCONNECTED)
2026-05-27 08:06:16 Checking for update using obsidian.md
2026-05-27 08:06:16 Failed to check for update using obsidian.md (net::ERR_INTERNET_DISCONNECTED)
2026-05-28 11:41:25 Loaded main app package /usr/lib/obsidian/obsidian.asar
2026-05-28 11:41:25 Checking for update using Github
2026-05-28 11:41:25 Success.
2026-05-28 11:41:25 Latest version is 1.12.7
2026-05-28 11:41:25 App is up to date.
2026-05-28 12:43:09 Checking for update using Github
2026-05-28 12:43:09 Success.
2026-05-28 12:43:09 Latest version is 1.12.7
2026-05-28 12:43:09 App is up to date.
2026-05-28 13:45:44 Loaded main app package /usr/lib/obsidian/obsidian.asar
2026-05-28 13:45:44 Checking for update using Github
2026-05-28 13:45:44 Success.
2026-05-28 13:45:44 Latest version is 1.12.7
2026-05-28 13:45:44 App is up to date.
2026-05-29 12:59:53 Loaded main app package /usr/lib/obsidian/obsidian.asar
2026-05-29 12:59:54 Checking for update using Github
2026-05-29 12:59:54 Success.
2026-05-29 12:59:54 Latest version is 1.12.7
2026-05-29 12:59:54 App is up to date.
2026-05-29 13:01:09 Loaded main app package /usr/lib/obsidian/obsidian.asar
2026-05-29 13:01:10 Checking for update using Github
2026-05-29 13:01:10 Success.
2026-05-29 13:01:10 Latest version is 1.12.7
2026-05-29 13:01:10 App is up to date.
2026-05-30 23:43:31 Loaded main app package /usr/lib/obsidian/obsidian.asar
2026-05-30 23:43:31 Checking for update using Github
2026-05-30 23:43:32 Success.
2026-05-30 23:43:32 Latest version is 1.12.7
2026-05-30 23:43:32 App is up to date.
2026-05-30 23:44:41 Loaded main app package /usr/lib/obsidian/obsidian.asar
2026-05-30 23:44:42 Checking for update using Github
2026-05-30 23:44:42 Success.
2026-05-30 23:44:42 Latest version is 1.12.7
2026-05-30 23:44:42 App is up to date.
2026-05-30 23:46:21 Loaded main app package /usr/lib/obsidian/obsidian.asar
2026-05-30 23:46:22 Checking for update using Github
2026-05-30 23:46:22 Success.
2026-05-30 23:46:22 Latest version is 1.12.7
2026-05-30 23:46:22 App is up to date.
2026-05-31 22:21:40 Loaded main app package /usr/lib/obsidian/obsidian.asar
2026-05-31 22:21:40 Checking for update using Github
2026-05-31 22:21:41 Success.
2026-05-31 22:21:41 Latest version is 1.12.7
2026-05-31 22:21:41 App is up to date.
